BL51 BANKED LINKER/LOCATER V6.22                                                        12/03/2022  17:48:28  PAGE 1


BL51 BANKED LINKER/LOCATER V6.22, INVOKED BY:
E:\COOPLAB\C_8051\C51\BIN\BL51.EXE STARTUP.obj, adc_uart_8051.obj TO adc_uart_8051


MEMORY MODEL: SMALL


INPUT MODULES INCLUDED:
  STARTUP.obj (?C_STARTUP)
  adc_uart_8051.obj (ADC_UART_8051)
  E:\COOPLAB\C_8051\C51\LIB\C51S.LIB (?C_INIT)
  E:\COOPLAB\C_8051\C51\LIB\C51S.LIB (?C?UIDIV)


LINK MAP OF MODULE:  adc_uart_8051 (?C_STARTUP)


            TYPE    BASE      LENGTH    RELOCATION   SEGMENT NAME
            -----------------------------------------------------

            * * * * * * *   D A T A   M E M O R Y   * * * * * * *
            REG     0000H     0008H     ABSOLUTE     "REG BANK 0"
            DATA    0008H     001EH     UNIT         ?DT?ADC_UART_8051
            DATA    0026H     0002H     UNIT         _DATA_GROUP_
            IDATA   0028H     0001H     UNIT         ?STACK

            * * * * * * *   C O D E   M E M O R Y   * * * * * * *
            CODE    0000H     0003H     ABSOLUTE     
                    0003H     0020H                  *** GAP ***
            CODE    0023H     0003H     ABSOLUTE     
                    0026H     07DAH                  *** GAP ***
            CODE    0800H     00A7H     UNIT         ?PR?MAIN?ADC_UART_8051
            CODE    08A7H     008CH     UNIT         ?C_C51STARTUP
            CODE    0933H     0055H     UNIT         ?C?LIB_CODE
            CODE    0988H     003FH     UNIT         ?PR?SERINT?ADC_UART_8051
            CODE    09C7H     0029H     UNIT         ?PR?_GIAIMA?ADC_UART_8051
            CODE    09F0H     0022H     UNIT         ?PR?TACHSO?ADC_UART_8051
            CODE    0A12H     0018H     UNIT         ?PR?_DELAY?ADC_UART_8051
            CODE    0A2AH     0017H     UNIT         ?C_INITSEG
            CODE    0A41H     000FH     UNIT         ?PR?SETUP?ADC_UART_8051



OVERLAY MAP OF MODULE:   adc_uart_8051 (?C_STARTUP)


SEGMENT                             DATA_GROUP 
  +--> CALLED SEGMENT             START    LENGTH
-------------------------------------------------
?C_C51STARTUP                     -----    -----
  +--> ?PR?MAIN?ADC_UART_8051
  +--> ?C_INITSEG

?PR?MAIN?ADC_UART_8051            0026H    0002H
  +--> ?PR?SETUP?ADC_UART_8051
  +--> ?PR?_DELAY?ADC_UART_8051
  +--> ?PR?_GIAIMA?ADC_UART_8051
  +--> ?PR?TACHSO?ADC_UART_8051
BL51 BANKED LINKER/LOCATER V6.22                                                      12/03/2022  17:48:28  PAGE 2





SYMBOL TABLE OF MODULE:  adc_uart_8051 (?C_STARTUP)

  VALUE           TYPE          NAME
  ----------------------------------

  -------         MODULE        ?C_STARTUP
  C:08A7H         SEGMENT       ?C_C51STARTUP
  I:0028H         SEGMENT       ?STACK
  C:0000H         PUBLIC        ?C_STARTUP
  D:00E0H         SYMBOL        ACC
  D:00F0H         SYMBOL        B
  D:0083H         SYMBOL        DPH
  D:0082H         SYMBOL        DPL
  N:0000H         SYMBOL        IBPSTACK
  N:0100H         SYMBOL        IBPSTACKTOP
  N:0080H         SYMBOL        IDATALEN
  C:08AAH         SYMBOL        IDATALOOP
  N:0000H         SYMBOL        PBPSTACK
  N:0100H         SYMBOL        PBPSTACKTOP
  N:0000H         SYMBOL        PDATALEN
  N:0000H         SYMBOL        PDATASTART
  N:0000H         SYMBOL        PPAGE
  N:0000H         SYMBOL        PPAGEENABLE
  D:00A0H         SYMBOL        PPAGE_SFR
  D:0081H         SYMBOL        SP
  C:08A7H         SYMBOL        STARTUP1
  N:0000H         SYMBOL        XBPSTACK
  N:0000H         SYMBOL        XBPSTACKTOP
  N:0000H         SYMBOL        XDATALEN
  N:0000H         SYMBOL        XDATASTART
  C:0000H         LINE#         126
  C:08A7H         LINE#         133
  C:08A9H         LINE#         134
  C:08AAH         LINE#         135
  C:08ABH         LINE#         136
  C:08ADH         LINE#         185
  C:08B0H         LINE#         196
  -------         ENDMOD        ?C_STARTUP

  -------         MODULE        ADC_UART_8051
  C:0000H         SYMBOL        _ICE_DUMMY_
  D:0080H         PUBLIC        P0
  D:0090H         PUBLIC        P1
  D:00A0H         PUBLIC        P2
  C:09F0H         PUBLIC        tachso
  D:00A8H         PUBLIC        IE
  D:0008H         PUBLIC        rdata
  C:0A12H         PUBLIC        _delay
  B:00B0H.2       PUBLIC        P3_2
  B:00B0H.3       PUBLIC        P3_3
  B:00A0H.4       PUBLIC        P2_4
  B:00B0H.4       PUBLIC        P3_4
  B:00B0H.5       PUBLIC        P3_5
  C:0988H         PUBLIC        serint
BL51 BANKED LINKER/LOCATER V6.22                                                      12/03/2022  17:48:28  PAGE 3


  B:00B0H.6       PUBLIC        P3_6
  B:00B0H.7       PUBLIC        P3_7
  B:0098H.0       PUBLIC        RI
  B:0098H.1       PUBLIC        TI
  D:0009H         PUBLIC        donvi
  D:000AH         PUBLIC        chuc
  C:0800H         PUBLIC        main
  D:000BH         PUBLIC        trans_data
  D:0099H         PUBLIC        SBUF
  C:0A41H         PUBLIC        setup
  D:0098H         PUBLIC        SCON
  D:000CH         PUBLIC        dig
  D:0089H         PUBLIC        TMOD
  D:0020H         PUBLIC        tram
  D:0021H         PUBLIC        lm35
  D:008DH         PUBLIC        TH1
  B:0088H.6       PUBLIC        TR1
  C:09C7H         PUBLIC        _giaima
  D:0023H         PUBLIC        nhietdo
  D:0024H         PUBLIC        x
  -------         PROC          _DELAY
  D:0006H         SYMBOL        x
  -------         DO            
  D:0004H         SYMBOL        i
  -------         ENDDO         
  C:0A12H         LINE#         16
  C:0A12H         LINE#         17
  C:0A12H         LINE#         19
  C:0A29H         LINE#         20
  -------         ENDPROC       _DELAY
  -------         PROC          TACHSO
  C:09F0H         LINE#         21
  C:09F0H         LINE#         22
  C:09F0H         LINE#         24
  C:0A04H         LINE#         25
  C:0A11H         LINE#         26
  -------         ENDPROC       TACHSO
  -------         PROC          _GIAIMA
  D:0006H         SYMBOL        x
  C:09C7H         LINE#         27
  C:09C7H         LINE#         28
  C:09C7H         LINE#         29
  C:09CDH         LINE#         30
  C:09CDH         LINE#         31
  C:09D1H         LINE#         33
  C:09D7H         LINE#         34
  C:09D7H         LINE#         35
  C:09DBH         LINE#         36
  C:09E1H         LINE#         37
  C:09E1H         LINE#         38
  C:09E5H         LINE#         39
  C:09EBH         LINE#         40
  C:09EBH         LINE#         41
  C:09EFH         LINE#         56
  -------         ENDPROC       _GIAIMA
  -------         PROC          SETUP
  C:0A41H         LINE#         59
BL51 BANKED LINKER/LOCATER V6.22                                                      12/03/2022  17:48:28  PAGE 4


  C:0A41H         LINE#         60
  C:0A41H         LINE#         61
  C:0A44H         LINE#         62
  C:0A47H         LINE#         63
  C:0A4AH         LINE#         64
  C:0A4CH         LINE#         65
  C:0A4FH         LINE#         66
  -------         ENDPROC       SETUP
  -------         PROC          SERINT
  C:0988H         LINE#         67
  C:098CH         LINE#         69
  C:098FH         LINE#         70
  C:098FH         LINE#         71
  C:0992H         LINE#         72
  C:0994H         LINE#         73
  C:09A4H         LINE#         74
  C:09A4H         LINE#         75
  C:09ACH         LINE#         76
  C:09B4H         LINE#         77
  C:09BCH         LINE#         78
  C:09C2H         LINE#         80
  C:09C2H         LINE#         81
  C:09C2H         LINE#         82
  -------         ENDPROC       SERINT
  -------         PROC          MAIN
  -------         DO            
  D:0026H         SYMBOL        i
  -------         ENDDO         
  C:0800H         LINE#         95
  C:0800H         LINE#         96
  C:0800H         LINE#         98
  C:0802H         LINE#         99
  C:0805H         LINE#         102
  C:080AH         LINE#         103
  C:080AH         LINE#         104
  C:080AH         LINE#         122
  C:080DH         LINE#         123
  C:0818H         LINE#         124
  C:081AH         LINE#         125
  C:0821H         LINE#         126
  C:0827H         LINE#         128
  C:082DH         LINE#         129
  C:082FH         LINE#         131
  C:083BH         LINE#         132
  C:0842H         LINE#         133
  C:0846H         LINE#         134
  C:084CH         LINE#         135
  C:0850H         LINE#         136
  C:0853H         LINE#         137
  C:085AH         LINE#         138
  C:085CH         LINE#         140
  C:0862H         LINE#         141
  C:0865H         LINE#         148
  C:0868H         LINE#         149
  C:0873H         LINE#         151
  C:0879H         LINE#         152
  C:087BH         LINE#         154
BL51 BANKED LINKER/LOCATER V6.22                                                      12/03/2022  17:48:28  PAGE 5


  C:087DH         LINE#         155
  C:0884H         LINE#         156
  C:0887H         LINE#         157
  C:0892H         LINE#         158
  C:0898H         LINE#         159
  C:089AH         LINE#         160
  C:089CH         LINE#         161
  C:089FH         LINE#         165
  C:08A2H         LINE#         166
  C:08A4H         LINE#         168
  -------         ENDPROC       MAIN
  -------         ENDMOD        ADC_UART_8051

  -------         MODULE        ?C?UIDIV
  C:0933H         PUBLIC        ?C?UIDIV
  -------         ENDMOD        ?C?UIDIV

******************************************************************************
* RESTRICTED VERSION WITH 0800H BYTE CODE SIZE LIMIT; USED: 0180H BYTE (18%) *
******************************************************************************

Program Size: data=41.0 xdata=0 code=598
LINK/LOCATE RUN COMPLETE.  0 WARNING(S),  0 ERROR(S)
