C51 COMPILER V9.52.0.0   LED_PROB2_SANGDUOI                                                11/19/2022 23:56:41 PAGE 1   


C51 COMPILER V9.52.0.0, COMPILATION OF MODULE LED_PROB2_SANGDUOI
OBJECT MODULE PLACED IN led_prob2_sangduoi.OBJ
COMPILER INVOKED BY: E:\cooplab\c_8051\C51\BIN\C51.EXE led_prob2_sangduoi.c BROWSE DEBUG OBJECTEXTEND TABS(2)

line level    source

   1          #include <at89x51.h>
   2          #include <stdio.h>
   3          #define LED0 P0_0
   4          #define LED1 P0_1
   5          #define LED2 P0_2
   6          #define LED3 P0_3
   7          #define LED4 P0_4
   8          #define LED5 P0_5
   9          #define LED6 P0_6
  10          #define LED7 P0_7
  11          #define sang 1
  12          #define tat 0
  13          
  14          //--------------------------------------------------------------------------------------------------------
             -------------------------------------------------------
  15          
  16          // sang duoi
  17          void delay(unsigned int ms)
  18            {
  19   1          unsigned int i,j;
  20   1          for(i=0;i<ms;i++)
  21   1          for(j=0;j<120;j++)
  22   1          {}
  23   1        }
  24          void display_LED(unsigned char number)
  25            {
  26   1          switch(number)
  27   1          {
  28   2          case 1:
  29   2          LED0 = sang;
  30   2          LED1 = LED2 = LED3 = LED4 = LED5 = LED6 = LED7 = tat;
  31   2          break;
  32   2          case 2:
  33   2          LED1 = sang;
  34   2          LED0 = sang;
  35   2          LED2 = LED3 = LED4 = LED5 = LED6 = LED7 = tat;
  36   2          break;
  37   2          case 3:
  38   2          LED2 = sang;
  39   2          LED1 = LED0 = sang;
  40   2          LED3 = LED4 = LED5 = LED6 = LED7 = tat;
  41   2          break;
  42   2          case 4:
  43   2          LED3 = sang;
  44   2          LED1 = LED2 = LED0 = sang;
  45   2          LED4 = LED5 = LED6 = LED7 = tat;
  46   2          break;
  47   2          case 5:
  48   2          LED4 = sang;
  49   2          LED1 = LED2 = LED3 = LED0 = sang;
  50   2          LED5 = LED6 = LED7 = tat;
  51   2          break;
  52   2          case 6:
  53   2          LED5 = sang;
  54   2          LED1 = LED2 = LED3 = LED4 = LED0 = sang;
C51 COMPILER V9.52.0.0   LED_PROB2_SANGDUOI                                                11/19/2022 23:56:41 PAGE 2   

  55   2          LED6 = LED7 = tat;
  56   2          break;
  57   2          case 7:
  58   2          LED6 = sang;
  59   2          LED1 = LED2 = LED3 = LED4 = LED5 = LED0 =sang;
  60   2          LED7 = tat;
  61   2          break;
  62   2          case 8:
  63   2          LED7 = sang;
  64   2          LED1 = LED2 = LED3 = LED4 = LED5 = LED6 = LED0 = sang;
  65   2          break;
  66   2          }
  67   1        }
  68          void main()
  69            {
  70   1        unsigned char m;
  71   1        while(1)
  72   1          {
  73   2            for(m=0;m<9;m++)
  74   2            {
  75   3            display_LED(m);
  76   3            delay(500);
  77   3            }
  78   2          }
  79   1        }
  80            
  81            
  82            //-------------------------------------------------------------------------------------------------------
             --------------------------------------------------------
  83          //sang ngoai vo trong ra  
  84          /*
  85            void delay(unsigned int ms)
  86            {
  87              unsigned int i,j;
  88              for(i=0;i<ms;i++)
  89              for(j=0;j<120;j++)
  90              {}
  91            }
  92          void display_LED(unsigned char number)
  93            {
  94              switch(number)
  95              {
  96              case 1:
  97              LED0=LED3=sang;
  98              LED7=LED4=sang;
  99              LED1=LED2=LED5=LED6=tat;
 100              break;
 101              case 2:
 102              LED0=LED7=sang;
 103              LED1=LED6=sang;
 104              LED2 = LED3 = LED4 = LED5=tat;
 105              break;
 106              case 3:
 107              LED0=LED7=sang;
 108              LED1=LED6=sang;
 109              LED2 = sang; LED3 = tat;LED4 =tat; LED5=sang;
 110              break;
 111              case 4:
 112              LED0=LED7=sang;
 113              LED1=LED6=sang;
 114              LED2 = sang; LED3 = sang;LED4 =sang; LED5=sang;
 115              break;
C51 COMPILER V9.52.0.0   LED_PROB2_SANGDUOI                                                11/19/2022 23:56:41 PAGE 3   

 116              case 5:
 117              LED4 = sang;
 118              LED1 = LED2 = LED3 = LED0 = sang;
 119              LED5 = LED6 = LED7 = tat;
 120              break;
 121              case 6:
 122              LED5 = sang;
 123              LED1 = LED2 = LED3 = LED4 = LED0 = sang;
 124              LED6 = LED7 = tat;
 125              break;
 126              case 7:
 127              LED6 = sang;
 128              LED1 = LED2 = LED3 = LED4 = LED5 = LED0 =sang;
 129              LED7 = tat;
 130              break;
 131              case 8:
 132              LED7 = sang;
 133              LED1 = LED2 = LED3 = LED4 = LED5 = LED6 = LED0 = sang;
 134              break;
 135              }
 136            }
 137          void main()
 138            {
 139            unsigned char m;
 140            while(1)
 141              {
 142                for(m=0;m<9;m++)
 143                {
 144                display_LED(m);
 145                delay(500);
 146                }
 147              }
 148            }
 149            */


MODULE INFORMATION:   STATIC OVERLAYABLE
   CODE SIZE        =    236    ----
   CONSTANT SIZE    =   ----    ----
   XDATA SIZE       =   ----    ----
   PDATA SIZE       =   ----    ----
   DATA SIZE        =   ----    ----
   IDATA SIZE       =   ----    ----
   BIT SIZE         =   ----    ----
END OF MODULE INFORMATION.


C51 COMPILATION COMPLETE.  0 WARNING(S),  0 ERROR(S)
